Traceback (most recent call last):
  File "test_script.py", line 15, in main
    result = process_data(None)
  File "test_script.py", line 8, in process_data
    return data.split(',')
AttributeError: 'NoneType' object has no attribute 'split'

ERROR 2024-10-01 14:30:25 - Database connection failed
ERROR 2024-10-01 14:30:25 - Retrying in 5 seconds...
INFO  2024-10-01 14:30:30 - Connection successful

JavaScript Error:
TypeError: Cannot read property 'length' of undefined
    at validateInput (utils.js:23:15)  
    at processForm (main.js:45:8)
    at HTMLFormElement.<anonymous> (main.js:12:18)